docker : #0 building with 
"desktop-linux" instance 
using docker driver
En línea: 1 Carácter: 1
+ docker build 
--progress=plain -t 
geofencing_api ./backend > 
build_out ...
+ ~~~~~~~~~~~~~~~~~~~~~~~~~
~~~~~~~~~~~~~~~~~~~~~~~~~~~
~~~~~~~~~~~~~~~~~
    + CategoryInfo         
     : NotSpecified: (#0   
  building wit...g docke   
 r driver:String) [], R    
emoteException
    + FullyQualifiedErrorI 
   d : NativeCommandError
 

#1 [internal] load build 
definition from Dockerfile
#1 transferring 
dockerfile: 1.00kB done
#1 DONE 0.0s

#2 [internal] load 
metadata for mcr.microsoft.
com/dotnet/aspnet:8.0
#2 ...

#3 [internal] load 
metadata for mcr.microsoft.
com/dotnet/sdk:8.0
#3 DONE 0.2s

#2 [internal] load 
metadata for mcr.microsoft.
com/dotnet/aspnet:8.0
#2 DONE 0.2s

#4 [internal] load 
.dockerignore
#4 transferring context: 
2B done
#4 DONE 0.0s

#5 [build 1/9] FROM mcr.mic
rosoft.com/dotnet/sdk:8.0@s
ha256:a9330090b730c2abde8f3
f43b3d1e24e4b8cba028de7bab1
a7fdcd50cb7a3b7e
#5 resolve mcr.microsoft.co
m/dotnet/sdk:8.0@sha256:a93
30090b730c2abde8f3f43b3d1e2
4e4b8cba028de7bab1a7fdcd50c
b7a3b7e 0.0s done
#5 DONE 0.0s

#6 [final 1/3] FROM mcr.mic
rosoft.com/dotnet/aspnet:8.
0@sha256:d4d80bf500f4c8307e
5c44bf61eb58aec027da07c4d1c
40816846fe5eef3f34d
#6 resolve mcr.microsoft.co
m/dotnet/aspnet:8.0@sha256:
d4d80bf500f4c8307e5c44bf61e
b58aec027da07c4d1c40816846f
e5eef3f34d 0.0s done
#6 DONE 0.0s

#7 [final 2/3] WORKDIR /app
#7 CACHED

#8 [internal] load build 
context
#8 transferring context: 
10.69kB 0.0s done
#8 DONE 0.0s

#9 [build 5/9] COPY [Geofen
ceSystem.Domain/GeofenceSys
tem.Domain.csproj, 
GeofenceSystem.Domain/]
#9 CACHED

#10 [build 6/9] COPY [Geofe
nceSystem.Infrastructure/Ge
ofenceSystem.Infrastructure
.csproj, GeofenceSystem.Inf
rastructure/]
#10 CACHED

#11 [build 7/9] RUN dotnet 
restore "GeofenceSystem.API
/GeofenceSystem.API.csproj"
#11 CACHED

#12 [build 2/9] WORKDIR 
/src
#12 CACHED

#13 [build 4/9] COPY [Geofe
nceSystem.Application/Geofe
nceSystem.Application.cspro
j, GeofenceSystem.Applicati
on/]
#13 CACHED

#14 [build 3/9] COPY [Geofe
nceSystem.API/GeofenceSyste
m.API.csproj, 
GeofenceSystem.API/]
#14 CACHED

#15 [build 8/9] COPY . .
#15 CACHED

#16 [build 9/9] RUN dotnet 
publish "GeofenceSystem.API
/GeofenceSystem.API.csproj"
 -c Release -o 
/app/publish 
/p:UseAppHost=false
#16 0.842   Determining 
projects to restore...
#16 1.396   Restored /src/G
eofenceSystem.Domain/Geofen
ceSystem.Domain.csproj (in 
96 ms).
#16 1.532   Restored /src/G
eofenceSystem.Application/G
eofenceSystem.Application.c
sproj (in 226 ms).
#16 1.532   Restored /src/G
eofenceSystem.Infrastructur
e/GeofenceSystem.Infrastruc
ture.csproj (in 226 ms).
#16 1.538   Restored /src/G
eofenceSystem.API/GeofenceS
ystem.API.csproj (in 247 
ms).
#16 3.685 /src/GeofenceSyst
em.Domain/Entities/Geofenci
ngEntities.cs(1,17): error 
CS0234: The type or 
namespace name 
'AspNetCore' does not 
exist in the namespace 
'Microsoft' (are you 
missing an assembly 
reference?) [/src/GeofenceS
ystem.Domain/GeofenceSystem
.Domain.csproj]
#16 3.685 /src/GeofenceSyst
em.Domain/Entities/Geofenci
ngEntities.cs(2,7): error 
CS0246: The type or 
namespace name 
'NetTopologySuite' could 
not be found (are you 
missing a using directive 
or an assembly reference?) 
[/src/GeofenceSystem.Domain
/GeofenceSystem.Domain.cspr
oj]
#16 3.685 /src/GeofenceSyst
em.Domain/Entities/Geofenci
ngEntities.cs(6,25): error 
CS0246: The type or 
namespace name 
'IdentityUser' could not 
be found (are you missing 
a using directive or an 
assembly reference?) [/src/
GeofenceSystem.Domain/Geofe
nceSystem.Domain.csproj]
#16 3.685 /src/GeofenceSyst
em.Domain/Entities/Geofenci
ngEntities.cs(28,16): 
error CS0246: The type or 
namespace name 'Point' 
could not be found (are 
you missing a using 
directive or an assembly 
reference?) [/src/GeofenceS
ystem.Domain/GeofenceSystem
.Domain.csproj]
#16 3.685 /src/GeofenceSyst
em.Domain/Entities/Geofenci
ngEntities.cs(17,16): 
error CS0246: The type or 
namespace name 'Geometry' 
could not be found (are 
you missing a using 
directive or an assembly 
reference?) [/src/GeofenceS
ystem.Domain/GeofenceSystem
.Domain.csproj]
#16 ERROR: process 
"/bin/sh -c dotnet publish 
\"GeofenceSystem.API/Geofen
ceSystem.API.csproj\" -c 
Release -o /app/publish 
/p:UseAppHost=false" did 
not complete successfully: 
exit code: 1
------
 > [build 9/9] RUN dotnet 
publish "GeofenceSystem.API
/GeofenceSystem.API.csproj"
 -c Release -o 
/app/publish 
/p:UseAppHost=false:
0.842   Determining 
projects to restore...
1.396   Restored /src/Geofe
nceSystem.Domain/GeofenceSy
stem.Domain.csproj (in 96 
ms).
1.532   Restored /src/Geofe
nceSystem.Application/Geofe
nceSystem.Application.cspro
j (in 226 ms).
1.532   Restored /src/Geofe
nceSystem.Infrastructure/Ge
ofenceSystem.Infrastructure
.csproj (in 226 ms).
1.538   Restored /src/Geofe
nceSystem.API/GeofenceSyste
m.API.csproj (in 247 ms).
3.685 /src/GeofenceSystem.D
omain/Entities/GeofencingEn
tities.cs(1,17): error 
CS0234: The type or 
namespace name 
'AspNetCore' does not 
exist in the namespace 
'Microsoft' (are you 
missing an assembly 
reference?) [/src/GeofenceS
ystem.Domain/GeofenceSystem
.Domain.csproj]
3.685 /src/GeofenceSystem.D
omain/Entities/GeofencingEn
tities.cs(2,7): error 
CS0246: The type or 
namespace name 
'NetTopologySuite' could 
not be found (are you 
missing a using directive 
or an assembly reference?) 
[/src/GeofenceSystem.Domain
/GeofenceSystem.Domain.cspr
oj]
3.685 /src/GeofenceSystem.D
omain/Entities/GeofencingEn
tities.cs(6,25): error 
CS0246: The type or 
namespace name 
'IdentityUser' could not 
be found (are you missing 
a using directive or an 
assembly reference?) [/src/
GeofenceSystem.Domain/Geofe
nceSystem.Domain.csproj]
3.685 /src/GeofenceSystem.D
omain/Entities/GeofencingEn
tities.cs(28,16): error 
CS0246: The type or 
namespace name 'Point' 
could not be found (are 
you missing a using 
directive or an assembly 
reference?) [/src/GeofenceS
ystem.Domain/GeofenceSystem
.Domain.csproj]
3.685 /src/GeofenceSystem.D
omain/Entities/GeofencingEn
tities.cs(17,16): error 
CS0246: The type or 
namespace name 'Geometry' 
could not be found (are 
you missing a using 
directive or an assembly 
reference?) [/src/GeofenceS
ystem.Domain/GeofenceSystem
.Domain.csproj]
------
Dockerfile:18
--------------------
  16 |     
  17 |     # Build and 
publish
  18 | >>> RUN dotnet 
publish "GeofenceSystem.API
/GeofenceSystem.API.csproj"
 -c Release -o 
/app/publish 
/p:UseAppHost=false
  19 |     
  20 |     # Run Stage
--------------------
ERROR: failed to build: 
failed to solve: process 
"/bin/sh -c dotnet publish 
\"GeofenceSystem.API/Geofen
ceSystem.API.csproj\" -c 
Release -o /app/publish 
/p:UseAppHost=false" did 
not complete successfully: 
exit code: 1
