﻿  Determinando los proyectos que se van a restaurar...
  Todos los proyectos est├ín actualizados para la restauraci├│n.
C:\Users\Anghelo\.gemini\antigravity\scratch\geofencing_system\backend\GeofenceSystem.Domain\Entities\GeofencingEntities.cs(1,17): error CS0234: El tipo o el nombre del espacio de nombres 'AspNetCore' no existe en el espacio de nombres 'Microsoft' (┬┐falta alguna referencia de ensamblado?) [C:\Users\Anghelo\.gemini\antigravity\scratch\geofencing_system\backend\GeofenceSystem.Domain\GeofenceSystem.Domain.csproj]
C:\Users\Anghelo\.gemini\antigravity\scratch\geofencing_system\backend\GeofenceSystem.Domain\Entities\GeofencingEntities.cs(2,7): error CS0246: El nombre del tipo o del espacio de nombres 'NetTopologySuite' no se encontr├│ (┬┐falta una directiva using o una referencia de ensamblado?) [C:\Users\Anghelo\.gemini\antigravity\scratch\geofencing_system\backend\GeofenceSystem.Domain\GeofenceSystem.Domain.csproj]
C:\Users\Anghelo\.gemini\antigravity\scratch\geofencing_system\backend\GeofenceSystem.Domain\Entities\GeofencingEntities.cs(6,25): error CS0246: El nombre del tipo o del espacio de nombres 'IdentityUser' no se encontr├│ (┬┐falta una directiva using o una referencia de ensamblado?) [C:\Users\Anghelo\.gemini\antigravity\scratch\geofencing_system\backend\GeofenceSystem.Domain\GeofenceSystem.Domain.csproj]
C:\Users\Anghelo\.gemini\antigravity\scratch\geofencing_system\backend\GeofenceSystem.Domain\Entities\GeofencingEntities.cs(28,16): error CS0246: El nombre del tipo o del espacio de nombres 'Point' no se encontr├│ (┬┐falta una directiva using o una referencia de ensamblado?) [C:\Users\Anghelo\.gemini\antigravity\scratch\geofencing_system\backend\GeofenceSystem.Domain\GeofenceSystem.Domain.csproj]
C:\Users\Anghelo\.gemini\antigravity\scratch\geofencing_system\backend\GeofenceSystem.Domain\Entities\GeofencingEntities.cs(17,16): error CS0246: El nombre del tipo o del espacio de nombres 'Geometry' no se encontr├│ (┬┐falta una directiva using o una referencia de ensamblado?) [C:\Users\Anghelo\.gemini\antigravity\scratch\geofencing_system\backend\GeofenceSystem.Domain\GeofenceSystem.Domain.csproj]

ERROR al compilar.

C:\Users\Anghelo\.gemini\antigravity\scratch\geofencing_system\backend\GeofenceSystem.Domain\Entities\GeofencingEntities.cs(1,17): error CS0234: El tipo o el nombre del espacio de nombres 'AspNetCore' no existe en el espacio de nombres 'Microsoft' (┬┐falta alguna referencia de ensamblado?) [C:\Users\Anghelo\.gemini\antigravity\scratch\geofencing_system\backend\GeofenceSystem.Domain\GeofenceSystem.Domain.csproj]
C:\Users\Anghelo\.gemini\antigravity\scratch\geofencing_system\backend\GeofenceSystem.Domain\Entities\GeofencingEntities.cs(2,7): error CS0246: El nombre del tipo o del espacio de nombres 'NetTopologySuite' no se encontr├│ (┬┐falta una directiva using o una referencia de ensamblado?) [C:\Users\Anghelo\.gemini\antigravity\scratch\geofencing_system\backend\GeofenceSystem.Domain\GeofenceSystem.Domain.csproj]
C:\Users\Anghelo\.gemini\antigravity\scratch\geofencing_system\backend\GeofenceSystem.Domain\Entities\GeofencingEntities.cs(6,25): error CS0246: El nombre del tipo o del espacio de nombres 'IdentityUser' no se encontr├│ (┬┐falta una directiva using o una referencia de ensamblado?) [C:\Users\Anghelo\.gemini\antigravity\scratch\geofencing_system\backend\GeofenceSystem.Domain\GeofenceSystem.Domain.csproj]
C:\Users\Anghelo\.gemini\antigravity\scratch\geofencing_system\backend\GeofenceSystem.Domain\Entities\GeofencingEntities.cs(28,16): error CS0246: El nombre del tipo o del espacio de nombres 'Point' no se encontr├│ (┬┐falta una directiva using o una referencia de ensamblado?) [C:\Users\Anghelo\.gemini\antigravity\scratch\geofencing_system\backend\GeofenceSystem.Domain\GeofenceSystem.Domain.csproj]
C:\Users\Anghelo\.gemini\antigravity\scratch\geofencing_system\backend\GeofenceSystem.Domain\Entities\GeofencingEntities.cs(17,16): error CS0246: El nombre del tipo o del espacio de nombres 'Geometry' no se encontr├│ (┬┐falta una directiva using o una referencia de ensamblado?) [C:\Users\Anghelo\.gemini\antigravity\scratch\geofencing_system\backend\GeofenceSystem.Domain\GeofenceSystem.Domain.csproj]
    0 Advertencia(s)
    5 Errores

Tiempo transcurrido 00:00:01.00
